// Jest Snapshot v1, https://goo.gl/fbAQLP

exports[`Components / Loading should render component 1`] = `
<div>
  <div
    class="sc-bcXHqe cIKesE"
  >
    <div />
    <div />
    <div />
    <div />
  </div>
</div>
`;
