// Jest Snapshot v1, https://goo.gl/fbAQLP

exports[`Containers / Filters should render component 1`] = `
<div>
  <section
    class="sc-jrcTuL dDzSDY"
  >
    <fieldset
      class="sc-eDvSVe dAMRCn"
    >
      <div
        class="sc-jSUZER Sxxek"
      >
        <i>
          icon-mock
        </i>
      </div>
      <input
        class="sc-gKPRtg ccSwvI"
        id="search"
        name="search"
        placeholder="Pesquisar"
        type="text"
      />
    </fieldset>
    <ul
      class="sc-iBYQkv bEoIEo"
    >
      <li
        class="sc-ftTHYK uEAGe"
      >
        <button
          class="sc-pyfCe MYluQ"
          type="button"
        >
          Tudo
        </button>
      </li>
      <li
        class="sc-ftTHYK uEAGe"
      >
        <button
          class="sc-pyfCe OCrcI"
          type="button"
        >
          Entrada
        </button>
      </li>
      <li
        class="sc-ftTHYK uEAGe"
      >
        <button
          class="sc-pyfCe OCrcI"
          type="button"
        >
          Sa√≠da
        </button>
      </li>
      <li
        class="sc-ftTHYK uEAGe"
      >
        <button
          class="sc-pyfCe OCrcI"
          type="button"
        >
          Futuro
        </button>
      </li>
    </ul>
  </section>
</div>
`;
