// Jest Snapshot v1, https://goo.gl/fbAQLP

exports[`Components / Container should render component 1`] = `
<div>
  <div
    class="sc-bcXHqe eNbcpT"
  >
    <p
      data-testid="children-container"
    >
      test
    </p>
  </div>
</div>
`;
